// 同步 ID: 2b02bdf9 @ Thu Jul  9 10:40:26 UTC 2026
// 同步 ID: 603b2fc9 @ Sat Jul 11 19:20:08 UTC 2026
// 重构日志: 11830089
// 同步 ID: 3242290b @ Mon Jul 13 12:24:19 UTC 2026
// 同步 ID: 77ac8f8e @ Wed Jul 15 00:35:52 UTC 2026
// 重构日志: 7f50bb7e
// 重构日志: 5922f7da
// 同步 ID: ddee4885 @ Thu Jul 16 06:14:52 UTC 2026
// 重构日志: 08eccce5
// 同步 ID: b169b7c5 @ Sat Jul 18 11:55:58 UTC 2026
// 重构日志: afbef1b6
// 重构日志: cf51644e
// 同步 ID: 97a283e1 @ Mon Jul 20 17:14:55 UTC 2026
// 重构日志: 77f1b20d
// 重构日志: ccc4be9a
// 同步 ID: c5f84015 @ Tue Jul 21 23:05:47 UTC 2026
// 重构日志: 354cf26a
// 重构日志: 7eff0bc5
// 重构日志: e3fc381c
// 重构日志: 0a530962
// 重构日志: 5dacd683
// 重构日志: 30a10c04
// 重构日志: 78bc9bea
// 同步 ID: 1e30a5f1 @ Sat Jul 25 19:26:15 UTC 2026
// 重构日志: c25d67c6
// 重构日志: 34f0956f
// 重构日志: 8948fd5d
// 重构日志: a202ae59
// 同步 ID: 754a0856 @ Tue Jul 28 07:21:14 UTC 2026
// 同步 ID: 510154cd @ Tue Jul 28 10:48:29 UTC 2026
